thread 'main' panicked at 'unsupported Miri functionality: can't call foreign function: foo; try specifying a shared object file with the flag -Zmiri-external_c_so_file=path/to/SOfile', $DIR/unsupported_foreign_function.rs:LL:CC
note: run with `RUST_BACKTRACE=1` environment variable to display a backtrace
