error: Undefined Behavior: constructing invalid value at .value: encountered uninitialized bytes, but expected initialized bytes
  --> $DIR/uninit_float.rs:LL:CC
   |
LL |     let _val: f32 = unsafe { std::mem::uninitialized() };
   |                              ^^^^^^^^^^^^^^^^^^^^^^^^^ constructing invalid value at .value: encountered uninitialized bytes, but expected initialized bytes
   |
   = help: this indicates a bug in the program: it performed an invalid operation, and caused Undefined Behavior
   = help: see https://doc.rust-lang.org/nightly/reference/behavior-considered-undefined.html for further information
   = note: backtrace:
   = note: inside `main` at $DIR/uninit_float.rs:LL:CC

note: some details are omitted, run with `MIRIFLAGS=-Zmiri-backtrace=full` for a verbose backtrace

error: aborting due to previous error

