thread 'main' panicked at '-Zmiri-external_c_so_file path tests/external_C/badpath.so does not exist', src/bin/miri.rs:LL:CC
note: run with `RUST_BACKTRACE=1` environment variable to display a backtrace

error: internal compiler error: unexpected panic

note: the compiler unexpectedly panicked. this is a bug.

note: we would appreciate a bug report: https://github.com/rust-lang/rust/issues/new?labels=C-bug%2C+I-ICE%2C+T-compiler&template=ice.md



note: compiler flags: -Z ui-testing -Z miri-external_c_so_file=tests/external_C/badpath.so

query stack during panic:
end of query stack
